// Jest Snapshot v1, https://goo.gl/fbAQLP

exports[`renders correctly 1`] = `
<button
  className="button button--outline test"
  disabled={undefined}
  onClick={undefined}
  style={undefined}
  type="button"
>
  Test
  <div
    className="button__spinner"
  >
    <div
      className="sc-bdVaJa bqqEXV"
    />
  </div>
</button>
`;
