// Jest Snapshot v1, https://goo.gl/fbAQLP

exports[`renders correctly 1`] = `null`;

exports[`renders correctly 2`] = `
<div
  className="spinner"
/>
`;

exports[`renders correctly 3`] = `
<div
  className="user-list sc-bdVaJa kEgatI"
>
  <div
    className="sc-bwzfXH ekItIQ"
  >
    <div
      className="user-list__row"
    >
      <div
        className="user-list__user"
      >
        <a
          href="/tu4mo"
          onClick={[Function]}
        >
          <div
            className="sc-htpNat gmRwLL"
          >
            <img
              alt="tu4mo"
              className="image"
              src="https://www.domain.com/profile.jpg"
              title="tu4mo"
            />
          </div>
        </a>
        <a
          className="user-list__username"
          href="/tu4mo"
          onClick={[Function]}
        >
          tu4mo
        </a>
      </div>
    </div>
  </div>
</div>
`;
