// Jest Snapshot v1, https://goo.gl/fbAQLP

exports[`renders correctly 1`] = `
.c0 {
  background-color: #fff;
  border-radius: var(--radius-sm);
  box-shadow: var(--shadow);
}

.c1 {
  padding: var(--spacing-responsive-md);
}

.c1:not(:last-child) {
  border-bottom: 1px solid var(--color-ultra-light-gray);
}

<div
  className="test c0"
>
  <div
    className="test c1"
  >
    Test
  </div>
</div>
`;
