// Jest Snapshot v1, https://goo.gl/fbAQLP

exports[`renders correctly 1`] = `
.c0 {
  border-radius: 50%;
  display: inline-block;
  height: 160px;
  overflow: hidden;
  position: relative;
  vertical-align: middle;
  width: 160px;
  height: 40px;
  width: 40px;
}

.c0:hover .change {
  visibility: visible;
}

.c0 .change {
  -webkit-align-items: center;
  -webkit-box-align: center;
  -ms-flex-align: center;
  align-items: center;
  background-color: rgba(255,255,255,0.8);
  bottom: 0;
  display: -webkit-box;
  display: -webkit-flex;
  display: -ms-flexbox;
  display: flex;
  -webkit-box-pack: center;
  -webkit-justify-content: center;
  -ms-flex-pack: center;
  justify-content: center;
  left: 0;
  line-height: 1;
  position: absolute;
  right: 0;
  text-align: center;
  text-decoration: none;
  top: 0;
  visibility: hidden;
}

.c0 .image {
  display: block;
  height: 100%;
  width: 100%;
}

<div
  className="test c0"
>
  <img
    alt="test"
    className="image"
    src="https://www.test.com"
    title="test"
  />
  <a
    className="change"
    href="https://www.gravatar.com"
    target="_blank"
  >
    Change Gravatar
  </a>
</div>
`;
